FM_TEST_BEGIN 2026-09-15T13:19:11Z tests/fm-remote-doctor.test.sh family=secondmate expected_gate_skip=none
ok - a missing herdr CLI is a human gap that --fix never claims to close
ok - an absent launch agent is a fixable gap and the read-only run changes nothing
ok - --fix installs the dedicated fm-remote launch agent without touching default
ok - --fix is idempotent once the host is ready
ok - a loaded and running launch agent must match the complete owned contract
ok - a failed reload leaves stale effective launch-agent state unready
ok - a launch agent outside the Aqua session scope is rewritten in place
ok - launchd failures are reported and delayed server readiness is awaited
ok - a session served outside the Aqua login session is fixable and --fix retakes it through launchd
ok - human gaps are reported with their operator step and never claimed as fixed
ok - a bash Directory Services login shell is rendered with -l -c
ok - custom Directory Services shell paths remain valid plist arguments
ok - shell resolution bounds Directory Services and uses executable SHELL and POSIX fallbacks
ok - repeated repair reuses one resolved login shell and remains a no-op
ok - a non-darwin host skips launch agents and starts its herdr server directly
ok - --fix creates only owned version-manager wrappers and never clobbers an operator file
ok - doctor refreshes stale worker identity before probing tools
ok - the entrypoint symlink is recreated when absent and never overwritten when operator-owned
ok - remote readiness rejects native-Windows and unknown hosts before repair
FM_TEST_END 2026-09-15T13:19:46Z tests/fm-remote-doctor.test.sh exit=0 duration_ms=35443 gate_skip=false
FM_TEST_SUMMARY total=1 failed=0 skipped_gate=0 duration_ms=35533
FM_TEST_SUMMARY_FAMILY family=secondmate count=1 duration_ms=35443 failed=0
FM_TEST_SLOWEST rank=1 script=tests/fm-remote-doctor.test.sh duration_ms=35443
