FM_TEST_BEGIN 2026-08-17T21:16:08Z tests/fm-procevent.test.sh family=unclassified expected_gate_skip=none
ok - no configured source means no generated state and no process
ok - one blocking completion yields exactly one bounded normalized event
not-autohandled: direct-src (left for the handler; still unacknowledged)
ok - public start owns the process group recorded by its claim
/Users/control/.no-mistakes/worktrees/874f0de57f61/01M08RY363P91FCSR8QCQZ7MWR/bin/fm-procevent.sh: line 309: 99644 Terminated: 15          "${ARGV[@]}" 2> /dev/null
     99647                       | perl -e '
    use strict;
    use warnings;
    my $limit = shift;
    my ($written, $truncated) = (0, 0);
    while (1) {
      my $count = sysread(STDIN, my $buffer, 65536);
      exit 2 unless defined $count;
      last if $count == 0;
      my $take = $written < $limit ? $limit - $written : 0;
      $take = $count if $take > $count;
      if ($take > 0) {
        my $offset = 0;
        while ($offset < $take) {
          my $count_written = syswrite(STDOUT, $buffer, $take - $offset, $offset);
          exit 2 unless defined $count_written;
          $offset += $count_written;
        }
        $written += $take;
      }
      $truncated = 1 if $take < $count;
    }
    exit($truncated ? 3 : 0);
  ' "$MAX_OUTPUT_BYTES" > "$out"
ok - public start never claims an inherited caller process group
ok - an unhandled result survives restart and repeat drains, and only explicit acknowledgement stops its re-announcement
ok - publication cannot race a handled acknowledgement
ok - handled acknowledgement creation is private and fails safely
ok - automatic application waits for durable publication and failed publication remains recoverable
ok - a self-announcing adapter applies quietly and still publishes what it could not apply
not-autohandled: ends-src (left for the handler; still unacknowledged)
ok - an adapter-classified terminal result is captured once, announced, and retires its source automatically
not-autohandled: open-src (left for the handler; still unacknowledged)
ok - a source stays armed unless its own adapter classifies the result terminal
not-autohandled: replace-src (left for the handler; still unacknowledged)
ok - terminal retirement preserves and releases a concurrently replaced registration
ok - failed terminal retirement is fail-closed and idempotently recoverable
ok - one Send & End yields exactly one captured result, automatic retirement, and no recurring poll
ok - a drained-but-unhandled result survives a replacement session and is retired only by explicit handling, never twice
ok - pending results preserve numeric order and distinct wake identity
ok - one owner per canonical source across homes
ok - retiring a never-completing source stops its runner and its blocked child
ok - reconcile reaps a runner whose source registration is gone
not-autohandled: stale-src (left for the handler; still unacknowledged)
ok - stale-owner recovery removes abandoned output without displacing a live owner
not-autohandled: cross-home-src (left for the handler; still unacknowledged)
ok - cross-home stale recovery removes abandoned output from the old state directory
not-autohandled: race-src (left for the handler; still unacknowledged)
not-autohandled: race-src (left for the handler; still unacknowledged)
not-autohandled: race-src (left for the handler; still unacknowledged)
not-autohandled: race-src (left for the handler; still unacknowledged)
ok - concurrent stale-claim replacement starts exactly one runner
ok - a crashed runner leader never lets a live owned group be reclaimed as stale
ok - a truly dead generation with no surviving group is still safely reclaimed
ok - claim replacement cannot produce a torn ownership snapshot
ok - retirement and start share one serialized lifecycle boundary
ok - PID reuse cannot signal an unrelated process
ok - transient identity failure preserves the live source for retry
ok - bounded home sweep preflights then retires every locally owned source
ok - home sweep leaves foreign-home claims and runners untouched
ok - home sweep refuses safely until runner identity is readable
ok - healthy runtime behavior remains registration-only
ok - registration rejects unrepresentable newline arguments
ok - nonzero exit with no output stays armed and silent
ok - oversized output is bounded rather than published whole or dropped
ok - live output stays bounded and retirement reaps the whole source group
ok - invalid output bounds fail closed
ok - the adapter derives physical identity without newline path corruption
ok - source-only homes trigger the general supervision guard
ok - the adapter classifies published poll output safely
ok - the adapter owns which Lavish results end a source, and payload text cannot forge one
ok - the published interfaces state the loss limitation and claim no lossless delivery

all procevent tests passed
FM_TEST_END 2026-08-17T21:17:21Z tests/fm-procevent.test.sh exit=0 duration_ms=72985 gate_skip=false
FM_TEST_SUMMARY total=1 failed=0 skipped_gate=0 duration_ms=73047
FM_TEST_SUMMARY_FAMILY family=unclassified count=1 duration_ms=72985 failed=0
FM_TEST_SLOWEST rank=1 script=tests/fm-procevent.test.sh duration_ms=72985
