$ tests/fm-composer-lib.test.sh
ok - fm_composer_classify_content: a bare shell prompt glyph (>/$/%/#) reads unknown, never empty
ok - fm_composer_classify_content: stripped unbordered content is unknown except the Pi glyph
ok - fm_composer_classify_content: a bare shell prompt carrying a command is not empty
ok - fm_composer_classify_content: a bare prompt glyph inside a bordered composer box reads empty (Pi's idle composer)
ok - fm_composer_classify_content: the Pi prompt glyph reads empty bordered or bare
ok - fm_composer_classify_content: an empty composer reads empty
ok - fm_composer_classify_content: idle matching is limited to proven placeholder positions
ok - fm_composer_classify_content: idle matching preserves the caller's case mode
ok - fm_composer_classify_content: real unsubmitted text reads pending (including a popup argument-hint fill)
ok - matrix: pi's separated composer needs identity + structure; the blank row alone never proves it
ok - strict posture: blank and unidentified rows are unknown, never injectable empty
ok - fm_composer_classify_screen: the bare composer's wrap region stays identified; structure breaks it
ok - fm_composer_classify_screen: a row-leading agent glyph reanchors the live composer
ok - fm_composer_classify_screen: a lower dead shell invalidates only cursorless stale composers
ok - fm_composer_classify_screen: cursorless bare wrap regions participate in verdicts
ok - fm_composer_classify_screen: the bottom-most candidate wins; stale banners cannot
ok - fm_composer_classify_screen: incomplete lower structure invalidates stale boxes
ok - fm_composer_classify_screen: a proven box tolerates a bottom-border cursor
ok - fm_composer_extract_selected_content: scopes user content and excludes furniture
ok - fm_composer_queued_enter_verdict: pending + busy returns empty (queued Enter)
ok - fm_composer_queued_enter_verdict: pending + idle/unknown stays pending
ok - fm_composer_queued_enter_verdict: only proven pending is converted
