warning: secondmate live-herdr sync skipped before launch: primary default-branch commit cannot be resolved
ok - real Pi/herdr: production spawn reached a credential-safe trusted session
●━━━━━━━━━━━━━━━━━━━━━━━━━━━━━━━━━━━━━━━━━━━━━━━━━━━━━━━━━━━━━━━━━━━━━━━
●  WATCHER DOWN - SUPERVISION IS OFF
●  1 task(s) in flight, but no watcher has a fresh beacon (last beat: never, grace 300s).
●  Trust the emitted supervision protocol for this harness; do not use shell & for watcher repair.
●  This is a supervision warning only; the requested message WILL still be sent.
●  repair a missing or failed watcher cycle with the Pi tool fm_watch_arm_pi, or restart Pi with -e /Users/control/.no-mistakes/worktrees/874f0de57f61/01M2VNFCFPAE456QBT90KWN62C/.pi/extensions/fm-primary-turnend-guard.ts -e /Users/control/.no-mistakes/worktrees/874f0de57f61/01M2VNFCFPAE456QBT90KWN62C/.pi/extensions/fm-primary-pi-watch.ts if the extensions are not loaded.
●━━━━━━━━━━━━━━━━━━━━━━━━━━━━━━━━━━━━━━━━━━━━━━━━━━━━━━━━━━━━━━━━━━━━━━━
WARNING: watcher still down (same stale episode; last beat: never, grace 300s) - full banner already printed this episode.
ok - real Pi/herdr: numeric inbox order, exact durable routing, handled acknowledgement, correlation, and routed responses all hold
WARNING: watcher still down (same stale episode; last beat: never, grace 300s) - full banner already printed this episode.
warning: secondmate live-herdr sync skipped before launch: primary default-branch commit cannot be resolved
ok - real Pi/herdr: interrupt, exit, and relaunch wrappers preserve the endpoint lifecycle
ok - real Pi/herdr: direct terminal input stays unmarked
WARNING: watcher still down (same stale episode; last beat: never, grace 300s) - full banner already printed this episode.
ok - real Pi/herdr: production cleanup completed
warning: secondmate live-tmux sync skipped before launch: primary default-branch commit cannot be resolved
ok - real Pi/tmux: production spawn reached a credential-safe trusted session
●━━━━━━━━━━━━━━━━━━━━━━━━━━━━━━━━━━━━━━━━━━━━━━━━━━━━━━━━━━━━━━━━━━━━━━━
●  WATCHER DOWN - SUPERVISION IS OFF
●  1 task(s) in flight, but no watcher has a fresh beacon (last beat: never, grace 300s).
●  Trust the emitted supervision protocol for this harness; do not use shell & for watcher repair.
●  This is a supervision warning only; the requested message WILL still be sent.
●  repair a missing or failed watcher cycle with the Pi tool fm_watch_arm_pi, or restart Pi with -e /Users/control/.no-mistakes/worktrees/874f0de57f61/01M2VNFCFPAE456QBT90KWN62C/.pi/extensions/fm-primary-turnend-guard.ts -e /Users/control/.no-mistakes/worktrees/874f0de57f61/01M2VNFCFPAE456QBT90KWN62C/.pi/extensions/fm-primary-pi-watch.ts if the extensions are not loaded.
●━━━━━━━━━━━━━━━━━━━━━━━━━━━━━━━━━━━━━━━━━━━━━━━━━━━━━━━━━━━━━━━━━━━━━━━
WARNING: watcher still down (same stale episode; last beat: never, grace 300s) - full banner already printed this episode.
ok - real Pi/tmux: numeric inbox order, exact durable routing, handled acknowledgement, correlation, and routed responses all hold
WARNING: watcher still down (same stale episode; last beat: never, grace 300s) - full banner already printed this episode.
warning: secondmate live-tmux sync skipped before launch: primary default-branch commit cannot be resolved
ok - real Pi/tmux: interrupt, exit, and relaunch wrappers preserve the endpoint lifecycle
ok - real Pi/tmux: direct terminal input stays unmarked
WARNING: watcher still down (same stale episode; last beat: never, grace 300s) - full banner already printed this episode.
ok - real Pi/tmux: production cleanup completed
ok - credential-safe real Pi lifecycle parity covers Herdr and the tmux reference backend
