FM_TEST_BEGIN 2026-08-19T15:15:06Z tests/fm-backend-herdr.test.sh family=backend-dispatch expected_gate_skip=none
ok - fm_backend_herdr_version_check: accepts the current protocol (14)
ok - fm_backend_herdr_version_check: refuses an old protocol loudly
ok - fm_backend_herdr_version_check: refuses loudly when herdr is not installed
ok - fm_backend_herdr_workspace_label: a primary home (no marker) resolves to 'firstmate'
ok - fm_backend_herdr_workspace_label: a secondmate home (.fm-secondmate-home) resolves to '2ndmate-<id>'
ok - fm_backend_herdr_workspace_label: trims whitespace around the marker's secondmate id
ok - fm_backend_herdr_workspace_label: an empty marker file falls back to the primary label 'firstmate'
ok - fm_backend_herdr_workspace_label: two different secondmate homes get two different, non-colliding labels
ok - fm_backend_herdr_cli: sets HERDR_SESSION AND appends a trailing --session flag on every call
ok - fm_backend_herdr_launcher_identity: a firstmate not running inside herdr has no launcher workspace to inherit
ok - fm_backend_herdr_launcher_identity: HERDR_ENV=1 without a pane id selects the backend but binds no parent
ok - fm_backend_herdr_launcher_identity: resolves the launcher's exact workspace even when a same-labeled workspace sorts first
ok - fm_backend_herdr_launcher_identity: refuses a launcher pane that names a different herdr session
ok - fm_backend_herdr_launcher_identity: refuses a claimed pane without exact server identity
ok - fm_backend_herdr_launcher_identity: refuses a launcher pane whose injected socket belongs to another herdr server
ok - fm_backend_herdr_launcher_identity: refuses when the launcher's own pane no longer resolves
ok - fm_backend_herdr_launcher_identity: refuses when the launcher's pane and tab disagree about their workspace
ok - fm_backend_herdr_launcher_identity: refuses when the launcher's workspace is gone from its own session
ok - fm_backend_herdr_workspace_ensure: places a worker in the launcher's exact workspace, not the first same-labeled one
ok - fm_backend_herdr_workspace_ensure: refuses to guess between two same-labeled home workspaces
ok - fm_backend_herdr_workspace_ensure: a --secondmate container resolves that home's own workspace, not the launcher's
ok - fm_backend_herdr_container_ensure: surfaces the exact ambiguous-placement refusal instead of a generic failure
ok - fm_backend_herdr_container_ensure: version-gates, starts the server, ensures the firstmate workspace, echoes session:workspace_id + the seeded default tab id
ok - fm_backend_herdr_container_ensure: reuses an existing firstmate workspace without recreating it, and reports no seeded default tab (adopted, not created)
ok - fm_backend_herdr_container_ensure: workspace create passes --no-focus
ok - fm_backend_herdr_container_ensure: creates the workspace under the SECONDMATE home's own label, not 'firstmate'
ok - fm_backend_herdr_create_task: prunes exactly the seeded default tab container_ensure identified, once the first real task tab exists
ok - herdr repeated spawn/teardown: one persistent firstmate workspace reused, zero orphans, default tab pruned, create ran once
ok - fm_backend_herdr_create_task: an ADOPTED workspace's pre-existing tab is never pruned (the created-vs-adopted gate)
ok - fm_backend_herdr_create_task: the label-collision startup-workspace scenario (2026-07-02 incident) leaves the captain's live tab untouched
ok - fm_backend_herdr_workspace_prune_seeded_default_tab: refuses to close the seeded default tab when its pane reports a working agent (defense in depth)
ok - fm_backend_herdr_create_task: refuses a duplicate tab label (herdr's own tab create has no uniqueness check)
ok - fm_backend_herdr_create_task: a same-labeled tab with a live (even idle) registered agent still refuses exactly as before
ok - fm_backend_herdr_create_task: scans every same-labeled tab and refuses if any duplicate is live
ok - fm_backend_herdr_create_task: closes and replaces a same-labeled tab whose pane is dead (pane_not_found)
ok - fm_backend_herdr_create_task: closes and replaces a same-labeled tab whose pane is alive but hosts no registered agent (a restored plain shell)
ok - fm_backend_herdr_create_task: closes every confirmed same-labeled husk only after creating the replacement
ok - fm_backend_herdr_create_task: refuses success when a preexisting husk tab remains after replacement
ok - fm_backend_herdr_create_task: refuses (fail-safe) rather than guessing when the duplicate's agent state cannot be classified confidently
ok - fm_backend_herdr_create_task: creates the replacement tab BEFORE closing the husk tab, never the reverse
ok - fm_backend_herdr_create_task: creates a tab and parses tab_id/pane_id from the JSON response, prunes nothing when no seeded tab id is given
ok - fm_backend_herdr_create_task: tab create passes --no-focus
ok - herdr presentation: a home that set nothing gets the projection by default at or above the floor
ok - herdr presentation: an unconfigured home below the floor falls back flat with one naming warning
ok - herdr presentation: an unreadable client release falls back flat instead of guessing
ok - herdr presentation: a deliberate opt-in is never silently downgraded below the floor
ok - herdr presentation: an explicit off opts the home out
ok - herdr presentation: an unrecognized value warns and follows the default instead of failing a spawn
ok - herdr presentation: the below-floor warning is one per home per release, not one per spawn
ok - herdr presentation: warning marker publication is atomic, symlink-safe, and fails visible
ok - herdr presentation: client and selected server floors compose conservatively without overriding explicit opt-in
ok - herdr presentation floor: every measured release, and each signal alone, classifies correctly
ok - herdr presentation floor: either signal alone can carry an above verdict, and each divergence is real
ok - herdr presentation: config parsing separates a deliberate choice from an unconfigured default
ok - herdr presentation journal: atomically publishes one non-authoritative 128-bit correlator and refuses overwrite
ok - herdr presentation journal: version 2 binds exact home/endpoint/parent identities and advances atomically
ok - herdr presentation create: exact response IDs yield one normal task pane with no workspace-close authority
ok - herdr presentation create: concurrent same-label tabs are never prune targets
ok - herdr presentation focus: snapshot requires one exact active workspace and tab
ok - herdr presentation focus: exact pane close restores the exact prior workspace and tab
ok - herdr presentation focus: cleanup refuses rather than close the captain's active tab
ok - herdr presentation focus: pane close fails when exact focus restoration fails
ok - herdr presentation reclaim: live agent state at the close boundary refuses mutation
ok - herdr presentation cleanup: emptying close behind focus ends the exact shell without a move or focus change
ok - herdr presentation cleanup: emptying close before focus moves the doomed workspace to the end and ends its exact shell
ok - herdr presentation cleanup: emptying close with the focused workspace last skips the move
ok - herdr presentation cleanup: emptying close of the last workspace skips the move
ok - herdr presentation cleanup: a non-emptying close stays plain with no proof, move, or signal
ok - herdr presentation cleanup: no-move plain close requires structured pane removal
ok - herdr presentation cleanup: an ambiguous workspace layout falls back to the plain close
ok - herdr presentation cleanup: a failed repositioning move falls back to the plain close with a warning
ok - herdr presentation cleanup: a pane with a live foreground process falls back to the plain close
ok - herdr presentation cleanup: a transient prompt helper settles into the pane-death path instead of the plain close
ok - herdr presentation cleanup: a SIGHUP-surviving shell is escalated to SIGKILL before giving up
ok - herdr presentation cleanup: a failed pane-death close falls back to the plain close
ok - herdr presentation cleanup: the exact-tab restore remains the backstop behind the pane-death close
tests/fm-backend-herdr.test.sh: line 4050:  9344 Hangup: 1               sleep 300
ok - herdr presentation cleanup: SIGKILL never reaches a pid the exact pane no longer owns
ok - herdr presentation cleanup: every unconfirmed removal restores the exact original workspace order and reports failure
ok - fm_backend_herdr_kill: one session lock covers the focus-safe emptying removal
tests/fm-backend-herdr.test.sh: line 4053: 15495 Hangup: 1               sleep 300
ok - fm_backend_herdr_kill: killing the focused workspace's tab keeps the legitimate plain close
ok - endpoint confirmed-gone: only structured not-found permits record removal and ambiguous identity refuses
ok - fm_backend_herdr_kill: unavailable session locks defer every pane close
ok - herdr presentation focus: projected seeded pruning refuses the active tab
ok - herdr presentation labels: └ concise-task · p:<full-token> for primary and secondmate children
ok - herdr presentation ordering: exact new workspace appends to the primary block while focus and relative orders stay stable
ok - herdr presentation ordering: secondmate children append under their owning parent block
ok - herdr presentation ordering: a foreign legacy child is warning-only and read-only
ok - herdr presentation ordering: intervening parent child blocks remain traversable
ok - herdr presentation ordering: only the exact new id moves; human spaces keep relative order
ok - herdr presentation ordering: move failure warns, returns success, and grants no cleanup authority
ok - herdr presentation ordering: an ambiguous existing worker block is warning-only and read-only
ok - herdr presentation ordering: the launcher's exact parent workspace id disambiguates a duplicated home label without moving anything
ok - herdr presentation ordering: a foreign new-format child is warning-only and read-only
ok - herdr presentation ordering: missing owning parent is warning-only and read-only
ok - herdr presentation lock: one path per session/socket across homes
ok - herdr presentation lock: null and missing socket paths fail closed
ok - herdr presentation ordering: malformed socket metadata is warning-only and read-only
ok - herdr presentation reclaim: legacy, cross-home, ambiguous, live/unknown, and focus-unknown cases refuse without mutation
ok - herdr presentation reclaim: exact agent-free husk survives duplicate parent labels while its sibling stays untouched
warning: 2 exact herdr presentation token matches for task-p3 are quarantined; inspecting only for duplicate-agent risk
warning: quarantined herdr presentation for task-p3 is dead or agent-free; exact bound reclaim may proceed, otherwise spawning flat
ok - herdr presentation recovery: duplicate-token inspection is read-only and live-agent risk refuses fallback
ok - fm_backend_herdr_workspace_find: matches only THIS home's own label among several coexisting workspaces
ok - fm_backend_herdr_list_live: scoped to this home's own workspace, never a sibling home's
ok - fm_backend_herdr_parse_target: splits '<session>:<pane_id>' on the FIRST colon (pane_id itself contains one)
ok - fm_backend_herdr_normalize_key: Enter/Escape/C-c map to herdr's verified enter/escape/ctrl+c
ok - fm_backend_herdr_capture: calls 'pane read <pane> --source recent --lines N' with the session set
ok - fm_backend_herdr_capture: works around the verified small-N '--lines' bug by over-fetching and trimming locally
ok - fm_backend_herdr_capture: ensures the session and preserves pane read failure
ok - fm_backend_herdr_send_key: normalizes the key and targets the right pane
ok - fm_backend_herdr_kill: calls pane close and stays best-effort on failure
ok - fm_backend_herdr_current_path: reads pane foreground_cwd (the live running process), not the frozen creation-time cwd
ok - fm_backend_herdr_busy_state: working -> busy
ok - fm_backend_herdr_busy_state: done -> idle, blocked -> idle (surfaced like a stale pane, not suppressed as busy)
ok - fm_backend_herdr_busy_state: unparseable/absent agent state reports unknown, the regex-fallback cue
ok - fm_backend_herdr_composer_state: a bordered composer row reads empty
ok - fm_backend_herdr_composer_state: bright placeholder-like text stays pending rather than being mistaken for an idle ghost
ok - fm_backend_herdr_composer_state: real composer text reads pending
ok - fm_backend_herdr_composer_state: a slash-command popup's argument-hint placeholder still reads pending (the incident fix)
ok - fm_backend_herdr_composer_state: reports unknown when the pane cannot be captured
ok - fm_backend_herdr_composer_state: reports unknown for bare shell prompts with no composer row
ok - fm_backend_herdr_composer_state: a native idle Pi separator composer reads empty
ok - fm_backend_herdr_composer_state: real Pi composer text remains pending
ok - fm_backend_herdr_composer_state: an incomplete lower Pi separator cannot inherit a stale empty row
ok - fm_backend_herdr_composer_state: Pi separators never authorize working, non-Pi, unreadable, or over-tall targets
ok - fm_backend_herdr_wait_for_working: reports 'busy' immediately on the first poll, without spending the rest of the budget
ok - fm_backend_herdr_wait_for_working: a slow transition landing on a later sample within one window is still caught (robust against the 'slow transition' failure direction)
ok - fm_backend_herdr_wait_for_working: spreads six samples across the full budget endpoint without a final trailing sleep
ok - fm_backend_herdr_send_text_submit: applies the herdr minimum confirmation budget before polling agent-state
ok - fm_backend_herdr_wait_for_working: reports 'idle' (readable, genuinely not yet working) when 'busy' never appears
ok - fm_backend_herdr_wait_for_working: reports 'unknown' (a hard read failure, not a timing race) only when EVERY poll in the window fails
ok - fm_backend_herdr_wait_for_working: treats blocked as submit-active for confirmation without changing watcher busy-state semantics
ok - fm_backend_herdr_send_text_submit: reports 'empty' once agent_status reports working after one Enter, without ever reading the composer
ok - fm_backend_herdr_send_text_submit: reports 'pending' when agent_status never reports working after retried Enters (swallowed)
ok - fm_backend_herdr_send_text_submit: a slash-command popup's placeholder fill on Enter #1 never flips agent_status to working, so it does not short-circuit as submitted; Enter #2 is retried and lands it
ok - fm_backend_herdr_send_text_submit: a post-Enter blocked state confirms delivery without retrying into the prompt
ok - fm_backend_herdr_send_text_submit: a slow transition landing on a later sample within one Enter's budget is confirmed WITHOUT sending a needless extra Enter
ok - fm_backend_herdr_send_text_submit: reports 'send-failed' when the literal send-text call itself errors
ok - fm_backend_herdr_send_text_submit: reports 'unknown' when the post-Enter agent-get read fails (never retries past an unreadable target)
ok - fm_backend_validate: herdr is a known backend (P2)
ok - fm_backend_busy_state: tmux (no native primitive) always reports unknown, preserving the P1 regex-only path
error: unknown backend 'bogus' (known: tmux herdr)
ok - fm_backend_composer_state dispatches both supported backends to their named thin classifiers, unknown for unrecognized backends
ok - fm-peek/fm-send: explicit stale targets matching metadata use the recorded backend
ok - fm_backend_herdr_normalize_event routes through the shared record with an empty from_status
ok - fm_backend_herdr_escalation_marker keys the dedupe marker exactly like the watcher's .stale-<key>
ok - fm_backend_herdr_apply_transition: blocked dedupe starts only after explicit commit
ok - fm_backend_herdr_apply_transition: a working edge clears the marker so the next ->blocked re-escalates
ok - fm_backend_herdr_clear_transition removes task-owned dedupe state
ok - fm_backend_herdr_apply_transition: idle/done (defer) and unknown/empty (fallback) take no fast action
ok - fm_backend_herdr_wait_transition: a home with no herdr panes falls back to polling (rc 2)
ok - fm_backend_herdr_wait_transition: below-capability protocol/schema falls back to polling (rc 2)
ok - fm_backend_herdr_wait_transition: reconnect level-reconcile returns an uncommitted blocked pane
ok - fm_backend_herdr_wait_transition: subscribes before reconnect level-reconcile
ok - fm_backend_herdr_wait_transition: a still-blocked, already-escalated pane is not re-delivered on reconnect
ok - fm_backend_herdr_wait_transition: a streamed ->blocked edge returns the record sub-poll
ok - fm_backend_herdr_wait_transition: streamed working clears the marker, idle/done are deferred (clean timeout)
ok - fm_backend_herdr_wait_transition: a reader/subscribe failure falls back to polling (rc 2)
ok - fm_backend_herdr_wait_transition: Bash 3.2-safe bad-ack path closes fd 9 and removes its FIFO
ok - fm_backend_herdr_wait_transition: stock macOS Bash clean timeout closes fd 9 and returns 1
FM_TEST_END 2026-08-19T15:20:47Z tests/fm-backend-herdr.test.sh exit=0 duration_ms=340540 gate_skip=false
FM_TEST_BEGIN 2026-08-19T15:20:47Z tests/fm-backend-tmux-smoke.test.sh family=backend-dispatch expected_gate_skip=none
@1
ok - real tmux: fm_backend_tmux_create_task creates a window and refuses a duplicate
ok - real tmux: fm_backend_tmux_send_text_line sends literal text and submits with Enter
ok - real tmux: fm_backend_tmux_send_literal + fm_backend_tmux_send_key Enter submit as two separate steps
ok - real tmux: fm_backend_tmux_capture's -S -N bound trims old history for a small window and reaches it for a large one
ok - real tmux: fm_backend_tmux_resolve_bare_selector (list-live) finds the created window by name
ok - real tmux: fm_backend_tmux_resolve_bare_selector fails for a window that does not exist
ok - real tmux: kill removes the window and the readable session inventory authoritatively classifies it missing
FM_TEST_END 2026-08-19T15:20:48Z tests/fm-backend-tmux-smoke.test.sh exit=0 duration_ms=1176 gate_skip=false
FM_TEST_BEGIN 2026-08-19T15:20:48Z tests/fm-backend.test.sh family=backend-dispatch expected_gate_skip=none
ok - fm_backend_name: FM_BACKEND > config/backend > default tmux
ok - fm_backend_detect: tmux and Herdr markers resolve innermost-first
ok - fm_backend_name: Herdr detection is loud and tmux detection is silent
ok - fm_backend_name: explicit settings beat runtime auto-detection
ok - fm_backend_validate: exactly tmux and Herdr are accepted
ok - zsh: fm_backend_source recognizes known backends and rejects unknown ones
ok - bash: fm_backend_source recognizes known backends and rejects unknown ones
ok - fm_backend_validate_spawn: exactly tmux and Herdr are spawn-supported
ok - fm_meta_get / fm_backend_of_meta: read key=value, default backend to tmux
ok - fm_backend_resolve_selector: session:window literal, exact task id first, legacy fm-<id> label fallback, ad hoc bare name via tmux list-windows
ok - fm_backend_of_selector routes tmux and Herdr metadata through public selectors
ok - fm-send.sh: explicit tmux targets are verified; text types once and submits with Enter
ok - fm-peek.sh: capture-pane invocation and output are byte-identical old vs new
ok - fm-spawn.sh: a project reached through a symlinked prefix (e.g. macOS /tmp -> /private/tmp) does not trip the isolation guard's false refusal
ok - fm-teardown.sh: treehouse return remains compatible while tmux cleanup uses exact selectors
ok - fm-spawn.sh --backend bogus is refused loudly
ok - fm-spawn.sh honors FM_BACKEND and refuses an unimplemented value loudly
ok - fm-spawn.sh: an explicit --backend tmux resolves silently and writes no backend= (missing means tmux)
ok - fm-spawn.sh: explicit --backend tmux wins over an ambient HERDR_ENV=1 auto-detect marker
ok - fm-spawn.sh: auto-detect resolves nested tmux-in-herdr to tmux and stays silent end to end
FM_TEST_END 2026-08-19T15:21:28Z tests/fm-backend.test.sh exit=0 duration_ms=40024 gate_skip=false
FM_TEST_BEGIN 2026-08-19T15:21:28Z tests/fm-control-relaunch.test.sh family=backend-dispatch expected_gate_skip=none
ok - fm-control relaunch: a same-harness relaunch replaces the agent in the same endpoint and worktree
ok - fm-control relaunch: durable task metadata survives replacement launch publication
ok - fm-control relaunch: trace and concurrent task metadata publications serialize
ok - fm-control relaunch: timeout cleanup reaps control, spawn, and blocked transport without later output
ok - fm-control relaunch: disabling tracing clears metadata and pane context
ok - fm-control relaunch: the progress note lands in the instructions the replacement reads
ok - fm-control relaunch: a ship task refuses without the progress note its replacement needs
ok - fm-control relaunch: explicit Pi relaunch replaces the old wiring
ok - fm-control relaunch: a same-harness relaunch keeps the profile axes it was running with
ok - fm-control relaunch: explicit model and effort win over the recorded ones
ok - fm-control relaunch: refuses to relaunch onto an adapter with no verified mechanics
ok - fm-control relaunch: wiring cleanup failure refuses replacement arming
ok - fm-control relaunch: a secondmate relaunch re-resolves its durable configured harness pin
ok - fm-control relaunch: invalid configured effort is ignored before stop
ok - fm-control relaunch: explicit same-Pi secondmate relaunch retains profile axes
ok - fm-control relaunch: a ship task keeps its recorded harness instead of re-reading crew config
ok - fm-spawn --relaunch: with no explicit harness it reuses the task's recorded one, never the crew default
ok - fm-control relaunch: an unaccountable local copy refuses before the agent is touched
ok - fm-control relaunch: a worker with nothing to work from is never launched
ok - fm-control relaunch: a refusal before the agent is stopped leaves the durable record untouched
ok - fm-control relaunch: checkpoint inspection failures refuse before stopping
ok - fm-control relaunch: a launch failure after the stop keeps the prior record and reports the real state
ok - fm-control relaunch: unpublished rollback keeps concurrent durable metadata
ok - fm-control relaunch: post-publication failure keeps the new durable record
ok - fm-control relaunch: partial stop reconciles actual agent state
ok - fm-control relaunch: failed journal replacement preserves durable phase
ok - fm-spawn relaunch: prepublication abort removes replacement state
ok - fm-control relaunch: the checkpoint records the exact unlanded work it preserved
ok - fm-control relaunch: a secondmate's child work is accounted for and its charter is left alone
ok - fm-control relaunch: a secondmate home that is not this secondmate's is refused
ok - fm-control relaunch: unreadable and untraversable child state fails checkpoint
ok - fm-control relaunch: two control actions on one task serialize instead of interleaving
ok - fm-spawn relaunch: direct entry participates in lifecycle serialization
ok - fm-promote: promotion participates in lifecycle serialization
ok - fm-spawn --relaunch: refuses to launch a second agent into a live endpoint
ok - fm-spawn --relaunch: every identity axis comes from the record, and a contradicting flag refuses
ok - fm-spawn --relaunch: an unrecorded task is refused
ok - fm-spawn --relaunch: refuses to start a replacement outside the copy holding the work
FM_TEST_END 2026-08-19T15:23:09Z tests/fm-control-relaunch.test.sh exit=0 duration_ms=100551 gate_skip=false
FM_TEST_BEGIN 2026-08-19T15:23:09Z tests/fm-control.test.sh family=backend-dispatch expected_gate_skip=none
ok - fm-control exit: every verified harness gets its own verified exit command
ok - fm-control interrupt: every verified harness gets its own verified key and repeat count
ok - fm-control: an unsupported harness has no verified control mechanics and is refused
ok - fm-control-lib: a recorded harness resolves to Pi without guessing
ok - fm-control-lib: both supported backends expose the complete key surface
ok - fm-control-lib: both supported backends provide recovery-grade state
ok - fm-control: a legacy window label is refused and the exact task id is named
ok - fm-control: an explicit backend endpoint is never a control target
ok - fm-control: an unrecorded task id is refused
ok - fm-control: a record whose endpoint identity names another task is refused
ok - fm-control: a remotely placed secondmate is refused by placement, not by a metadata complaint
ok - fm-control: interrupt and exit lock before task-state resolution
ok - fm-control: the verb list is closed - no raw keys, arbitrary text, or clear verb
ok - fm-control: resume is refused with the determinism reason and the alternative
ok - fm-control: profile and note flags belong to relaunch only
ok - fm-control exit: an already-stopped agent is idempotent success with no bytes sent
ok - fm-control exit: a vanished endpoint refuses instead of silently succeeding
ok - fm-control interrupt: refuses when no agent is running rather than keying a shell
ok - fm-control exit: an endpoint whose process cannot be attributed refuses
ok - fm-control exit: a busy agent receives interrupt delivery before the exit command
ok - fm-control exit: an idle agent goes straight to its exit command
ok - fm-control interrupt: unconfirmed delivery preserves observed busy state
ok - fm-control interrupt: an agent stopped by the key fails the liveness postcondition
ok - fm-control exit: an interrupt-stopped agent satisfies the gone-state postcondition
ok - fm-control exit: a stubborn agent reports delivered input and an unconfirmed exit
ok - fm-control: a lifecycle command to a secondmate is unmarked and opens no reply expectation
ok - fm-control's arrival leaves fm-send's from-firstmate marking untouched
FM_TEST_END 2026-08-19T15:23:47Z tests/fm-control.test.sh exit=0 duration_ms=37982 gate_skip=false
FM_TEST_BEGIN 2026-08-19T15:23:47Z tests/fm-herdr-session-cleanup.test.sh family=backend-dispatch expected_gate_skip=none
ok - process proof reads Linux Herdr argv arrays and rejects malformed executable identities
ok - exact stale projection closes one exact pane under task then presentation locks
ok - successful cleanup is idempotent on repeat
ok - malformed title preserves the candidate
ok - missing token preserves the candidate
ok - malformed journal preserves the candidate
ok - duplicate token preserves the candidate
ok - duplicate title token preserves the candidate
ok - zero journal match preserves the candidate
ok - multiple journal matches preserves the candidate
ok - cross-home journal preserves the candidate
ok - v2 workspace binding mismatch preserves the candidate
ok - v2 tab binding mismatch preserves the candidate
ok - v2 pane binding mismatch preserves the candidate
ok - v2 cleanup requires and accepts the exact journal endpoint binding
ok - current task metadata preserves the candidate
ok - registered agent preserves the candidate
ok - unknown agent preserves the candidate
ok - multiple tabs preserves the candidate
ok - multiple panes preserves the candidate
ok - non-idle shell preserves the candidate
ok - child process or shell job preserves the candidate
ok - unreadable snapshot preserves the candidate
ok - unreadable topology check preserves the candidate
ok - revalidation race preserves the candidate
ok - active target preserves the candidate
ok - focus refusal preserves the candidate
ok - standalone bootstrap cannot run lock-owned stale projection cleanup
ok - session start runs cleanup only after acquiring its home lock
all fm-herdr-session-cleanup tests passed
FM_TEST_END 2026-08-19T15:24:11Z tests/fm-herdr-session-cleanup.test.sh exit=0 duration_ms=24036 gate_skip=false
FM_TEST_BEGIN 2026-08-19T15:24:11Z tests/fm-send-resolve-key.test.sh family=backend-dispatch expected_gate_skip=none
ok - fm-send --resolve-key: the answer send itself closes the open decision
ok - fm-send --resolve-key: the close never re-wakes its own home, later lines still do
ok - fm-send --resolve-key: a colon-first stated key is open under that key and answerable
ok - fm-send --resolve-key: an answer that starts a workstream leaves no orphaned decision
ok - fm-send: a send without --resolve-key never closes a decision, and working/done still cannot
ok - fm-send --resolve-key: a key that is not open refuses loudly before anything is sent
ok - fm-send --resolve-key: a failed send never closes the decision
ok - fm-send --resolve-key: one answer closes each named key and only those
ok - fm-send --resolve-key: a marked local-secondmate answer closes with the plain answer text
ok - fm-send --resolve-key: a remote-secondmate answer closes the same local ledger, transport-only difference
ok - fm-send --resolve-key: a remote reply's leading [corr=...] tag no longer blocks closing its stated key
ok - fm-send --resolve-key: a failed remote transport never closes the decision
ok - fm-send --resolve-key: --key, empty message, explicit targets, and malformed keys refuse loudly
FM_TEST_END 2026-08-19T15:24:49Z tests/fm-send-resolve-key.test.sh exit=0 duration_ms=37374 gate_skip=false
FM_TEST_BEGIN 2026-08-19T15:24:49Z tests/fm-send-strict.test.sh family=backend-dispatch expected_gate_skip=none
ok - fm-send strict: exact task/lane ids resolve through home metadata
ok - fm-send --key: exit status follows delivery, and an undelivered key never reports success
ok - fm-send strict: unset FM_HOME fails before target resolution
ok - fm-send strict: unresolvable selectors do not fall back to tmux
ok - fm-send strict: prefixless herdr pane ids are rejected before tmux fallback
ok - fm-send strict: unmatched single-colon explicit targets must verify live before sending
ok - fm-send strict: fm-prefixed Herdr sessions remain explicit backend targets
ok - fm-send strict: healthy fm-<id> sends still type once and submit
FM_TEST_END 2026-08-19T15:24:56Z tests/fm-send-strict.test.sh exit=0 duration_ms=7654 gate_skip=false
FM_TEST_BEGIN 2026-08-19T15:24:56Z tests/fm-spawn-batch.test.sh family=backend-dispatch expected_gate_skip=none
ok - batch dispatch re-execs and reports every id=repo pair
ok - batch detection: single pair batches, non-pair rejected, single-task and slash-id stay single
ok - batch dispatch requires the shared ship delivery contract before any pair runs
ok - scout batch refuses ship delivery flags instead of ignoring them
ok - projects/ paths are scoped through the firstmate home for single-task spawn
FM_TEST_END 2026-08-19T15:25:01Z tests/fm-spawn-batch.test.sh exit=0 duration_ms=4360 gate_skip=false
FM_TEST_BEGIN 2026-08-19T15:25:01Z tests/fm-spawn-dispatch-profile.test.sh family=backend-dispatch expected_gate_skip=none
ok - relative home overrides ignore CDPATH and become absolute before spawn launch construction
ok - FM_HOME defaults resolve relative paths and preserve absolute spellings
ok - absolute override spellings are preserved in spawn launch paths
ok - unresolvable relative spawn overrides fail with named diagnostics
ok - active crew-dispatch profile requires an explicit harness for ship spawns
ok - active crew-dispatch profile requires an explicit harness for scout spawns
ok - active crew-dispatch profile allows an explicit resolved harness
ok - active crew-dispatch profile allows the legacy positional harness form
ok - production spawn rejects raw non-Pi launch commands
ok - pi receives --model and --thinking max profile flags
ok - Pi launch probing omits --tui-mode on older Pi and preserves it on supporting Pi
ok - pi shares Pi launch semantics while preserving its configured and recorded identity
ok - pi refuses safely and actionably when the selected executable is unavailable
ok - pi persistent secondmates use Pi supervision semantics
ok - batch dispatch forwards shared --harness, --model, and --effort to every pair
ok - fm-spawn: unsupported launch and stale configuration are rejected generically
ok - active crew-dispatch profile does not block secondmate launches
# all fm-spawn-dispatch-profile tests passed
FM_TEST_END 2026-08-19T15:25:57Z tests/fm-spawn-dispatch-profile.test.sh exit=0 duration_ms=56455 gate_skip=false
FM_TEST_BEGIN 2026-08-19T15:25:57Z tests/fm-spawn-worktree-settle.test.sh family=backend-dispatch expected_gate_skip=none
ok - a single transient stale pane_current_path read is not accepted as the worktree
ok - an already-settled pane confirms via the existing inter-poll sleep, not an extra full cycle
# all fm-spawn-worktree-settle tests passed
FM_TEST_END 2026-08-19T15:26:08Z tests/fm-spawn-worktree-settle.test.sh exit=0 duration_ms=10244 gate_skip=false
FM_TEST_BEGIN 2026-08-19T15:26:08Z tests/fm-teardown-endpoint-safety.test.sh family=backend-dispatch expected_gate_skip=none
ok - fm-teardown: missing, empty, malformed, ambiguous, and task-mismatched endpoints refuse before every mutation or runtime call
ok - fm-teardown: a concurrent lifecycle action refuses before mutation
ok - fm-teardown: destructive cleanup serializes with metadata writers
ok - cleanup identity: valid tmux and Herdr records validate while every empty backend target refuses
ok - tmux backend: direct empty target returns nonzero without invoking tmux
ok - process cleanup: creation-time PID identity removes only the exact child and preserves the control child
ok - fm-teardown: exact tmux cleanup preserves invalid and prefix-matched neighbors while removing only the recorded target
FM_TEST_END 2026-08-19T15:26:41Z tests/fm-teardown-endpoint-safety.test.sh exit=0 duration_ms=32711 gate_skip=false
FM_TEST_BEGIN 2026-08-19T15:26:41Z tests/fm-tmux-agent-liveness.test.sh family=backend-dispatch expected_gate_skip=none
ok - tmux liveness: a harness-named foreground process classifies alive
ok - tmux liveness: a version-named executable under a harness install path classifies alive
ok - tmux liveness: a version-named executable under a decoy path stays ambiguous
ok - tmux liveness: a process neither name source attributes stays ambiguous rather than inventing an agent
ok - tmux liveness: a launcher whose own identity reads as a bare shell classifies alive from its harness child
ok - tmux liveness: an idle shell pane classifies dead
ok - tmux liveness: a harness-named background process in an idle pane still classifies dead
ok - tmux liveness: an absent window classifies missing rather than inheriting tmux's active-window fallback
FM_TEST_END 2026-08-19T15:26:43Z tests/fm-tmux-agent-liveness.test.sh exit=0 duration_ms=2673 gate_skip=false
FM_TEST_BEGIN 2026-08-19T15:26:43Z tests/fm-trace-context-spawn.test.sh family=backend-dispatch expected_gate_skip=none
ok - enabled: one resolved carrier is recorded in meta and the identical TRACEPARENT is exported before launch
ok - disabled: neither traceparent= in meta nor a TRACEPARENT export is produced
ok - failed TRACEPARENT delivery omits metadata while the source task still launches
ok - uncleared TRACEPARENT input stops before the launch command is appended
ok - failed traceparent metadata append removes the carrier from the launched task
ok - duplicate secondmate preflight leaves trace-context unchanged
ok - relaunch reuses the recorded carrier verbatim for both the meta record and the injected export
ok - session start freezes the env override and later config or environment edits do not alter spawns
ok - two-level: env-on/file-absent keeps the nested worker enabled, rooting its own per-task trace
ok - two-level: env-off/file-present keeps the nested worker disabled even though the config file was copied into the secondmate home
ok - two unrelated routed tasks through one persistent Secondmate root distinct traces, adopt nothing from its environment, and keep per-task identity across relaunch
ok - secondmate carrier and FM_TRACE_CONTEXT snapshot always agree, both derived from one frozen decision (file-decided path)
# all fm-trace-context-spawn tests passed
FM_TEST_END 2026-08-19T15:27:54Z tests/fm-trace-context-spawn.test.sh exit=0 duration_ms=70645 gate_skip=false
FM_TEST_SUMMARY total=14 failed=0 skipped_gate=0 duration_ms=767709
FM_TEST_SUMMARY_FAMILY family=backend-dispatch count=14 duration_ms=766425 failed=0
FM_TEST_SLOWEST rank=1 script=tests/fm-backend-herdr.test.sh duration_ms=340540
FM_TEST_SLOWEST rank=2 script=tests/fm-control-relaunch.test.sh duration_ms=100551
FM_TEST_SLOWEST rank=3 script=tests/fm-trace-context-spawn.test.sh duration_ms=70645
FM_TEST_SLOWEST rank=4 script=tests/fm-spawn-dispatch-profile.test.sh duration_ms=56455
FM_TEST_SLOWEST rank=5 script=tests/fm-backend.test.sh duration_ms=40024
FM_TEST_SLOWEST rank=6 script=tests/fm-control.test.sh duration_ms=37982
FM_TEST_SLOWEST rank=7 script=tests/fm-send-resolve-key.test.sh duration_ms=37374
FM_TEST_SLOWEST rank=8 script=tests/fm-teardown-endpoint-safety.test.sh duration_ms=32711
FM_TEST_SLOWEST rank=9 script=tests/fm-herdr-session-cleanup.test.sh duration_ms=24036
FM_TEST_SLOWEST rank=10 script=tests/fm-spawn-worktree-settle.test.sh duration_ms=10244
FM_TEST_SLOWEST rank=11 script=tests/fm-send-strict.test.sh duration_ms=7654
FM_TEST_SLOWEST rank=12 script=tests/fm-spawn-batch.test.sh duration_ms=4360
FM_TEST_SLOWEST rank=13 script=tests/fm-tmux-agent-liveness.test.sh duration_ms=2673
FM_TEST_SLOWEST rank=14 script=tests/fm-backend-tmux-smoke.test.sh duration_ms=1176
fm-test-run: wrote timing artifact: /Users/control/.no-mistakes/evidence/01M0D77ZPQ8KA1S10W1YSMVJPS/backend-dispatch-timings.json
