FM_TEST_BEGIN 2026-08-19T14:59:54Z tests/fm-daemon.test.sh family=watcher-wake-lock expected_gate_skip=none
ok - fm-afk-start.sh fails before daemon startup when the afk flag cannot be written
ok - fm-afk-start.sh ignores stale pidfile-only live pids
ok - fm-afk-start.sh reclaims stale daemon locks whose live pid identity no longer matches
ok - supervise daemon state root is scoped by FM_HOME
ok - routine signal self-handles
ok - captain-relevant status verbs escalate
ok - check + unknown escalate; heartbeat self-handles
ok - transient stale self-handles and records a persistence marker
ok - enriched stale wedges bypass status absorption without disturbing busy workers
ok - stale + terminal status escalates immediately
ok - paused reasons with captain phrases remain pause-classified
ok - handle_wake on a paused stale records a pause marker, drops the wedge marker, and does not escalate
ok - handle_wake records a declared pause from a routine signal for long-cadence rechecks
ok - a terminal signal clears pause and stale tracking across both supervisors
ok - housekeeping migrates a normal-watcher's declared pause into daemon tracking
ok - housekeeping clears an already-resumed watcher pause across both supervisors
ok - housekeeping seeds pause tracking from status without a watcher marker
ok - persistent stale escalates after threshold and clears its marker
ok - resumed (busy) stale clears its marker without escalating
ok - housekeeping re-surfaces a stale declared pause on the long cadence and resets its window
ok - housekeeping clears a paused marker whose pane became busy again, without escalating
ok - housekeeping clears a paused marker once the crew is no longer declaring the pause
ok - housekeeping moves an existing stale marker to pause before wedge escalation
ok - housekeeping clears tracking when a crew leaves pause
ok - persistent herdr stale resolves the target from metadata and escalates
ok - herdr idle busy-footer stale clears through capture corroboration
ok - resumed herdr stale clears through backend-aware busy state
ok - multiple escalations flush as a single batched digest
ok - batch flush measures max-delay from the first append, not the last
ok - catch-all scan escalates a missed terminal once, not twice
ok - handle_wake routes routine->self and captain->escalate
ok - INJECT_SKIP forces self-handle, bypassing captain-relevant classification
ok - is_wake_reason distinguishes watcher wake reasons from singleton-status stdout
ok - terminal-stale escalate removes its marker so housekeeping does not re-escalate
ok - captain signal escalate marks seen so the catch-all scan does not re-fire
ok - _collapse_newlines replaces newlines with literal separator
ok - afk flag absent: daemon does not inject, buffer preserved
ok - busy-guard defers injection when supervisor pane is busy
ok - marker detection: marker -> stay afk, no marker -> exit afk
ok - /afk invocation is exempt from afk exit (no self-cancel)
ok - should_exit_afk returns false when afk is not active
ok - strip_injection_marker removes the sentinel marker cleanly
ok - pane_input_pending detects partial input on the cursor line
ok - pane_input_pending: a blank unidentified cursor row defers (strict container-proof rule)
ok - pane_input_pending: bare prompts always defer
ok - fm_tmux_composer_state: a bare shell prompt ($/%/#/>) reads unknown, never empty (dead-shell injection safety)
ok - fm_tmux_composer_state: a bordered composer box reads empty
ok - fm_tmux_composer_state: only matching edge borders form a composer box
ok - pane_input_pending preserves bright placeholder-like drafts in styled captures
ok - classify_signal dedupes against the catch-all scan seen marker
ok - classify_stale dedupes against the signal path seen marker
ok - AFK nonterminal working:+merged keeps wedge aging and re-escalates at bound
ok - genuine done: and merge-check events still escalate
ok - pane_input_pending: an idle bordered composer is NOT pending (afk-invx-i5)
ok - pane_input_pending: text inside a bordered composer is still pending
ok - submit-ACK confirms a submit when the composer returns to a bordered-empty box
ok - submit-ACK reports pending on a persistently swallowed Enter (type-once)
ok - max-defer on an empty stuck pane types once, alarms, and preserves the buffer
ok - max-defer flushes and clears the buffer on an empty bordered pane
ok - max-defer on a pending composer alarms without typing
ok - normal flush clears a stale wedge marker
ok - below MAX_DEFER: no inject, no alarm, buffer preserved
ok - max-defer does not flush or alarm while afk is inactive
ok - library mode: sourcing the daemon defaults FM_WEDGE_ALARM_EXEC to discard (no test can fire a real notification)
ok - wake helpers replace inherited notifier overrides with the safe recorder
ok - the discard seam suppresses every notifier, including command: (fires nothing)
ok - direct notifier helpers honor the discard seam, including command:
ok - osascript channel routes through the notifier seam with the summary (never a real notification)
ok - herdr channel routes through the notifier seam with the summary (never a real notification)
ok - command channel runs the captain command with the summary on $1 and on stdin
ok - command channel failures redact configured commands while logging their exit status
ok - unknown channel directives are redacted while the alarm keeps running
ok - off disables every active alert regardless of directive position (marker and tmux flash are unaffected)
ok - auto resolves to the macOS osascript notifier on Darwin (default-on)
ok - auto on a non-macOS platform selects no built-in OS channel (the marker or a configured command carries it)
ok - config/wedge-alarm selects every configured channel and skips comment and blank lines
ok - a failing channel logs and falls back to the next channel, never crashing the alarm
ok - a hung notifier is bounded, logged, and falls through to the next channel
ok - a backgrounded command notifier remains bounded until its process group is reaped
ok - a hung notifier override is bounded, logged, and proceeds to the next channel
/Users/control/.no-mistakes/worktrees/874f0de57f61/01M0D77ZPQ8KA1S10W1YSMVJPS/bin/fm-supervise-daemon.sh: line 743: 68282 Terminated: 15          sh -c 'sleep 30 & printf "%s" "$!" > "$1"; wait' sh "$child_file"
ok - daemon shutdown stops and reaps the active notifier process group
ok - inject_wedge_alarm writes the marker AND emits the active alert even with no tmux status-line (herdr backend)
ok - in-process wedge throttle prevents alert spam when the marker cannot persist
ok - fm-send exits non-zero on a confirmed swallow, zero on a clean submit
ok - fm-send exits non-zero when initial text send fails
ok - fm-send exits non-zero unless delivery is proven empty
ok - discover_supervisor_backend: override > TMUX_PANE > HERDR_ENV+HERDR_PANE_ID > tmux fallback
ok - discover_supervisor_target: override > TMUX_PANE > herdr '<session>:<pane-id>' composition > firstmate:0 fallback
ok - pane_is_busy: herdr native busy_state='busy' short-circuits without a capture fallback
ok - primary busy guard isolates rendered signatures by detected harness
ok - pane_is_busy: omitted backend defaults to tmux for Pi's delivery guard
ok - pane_input_pending: dispatches through fm_backend_composer_state for backend=herdr
ok - inject_msg: herdr busy-guard defers before ever attempting a submit
ok - inject_msg: herdr composer-guard defers before ever attempting a submit
ok - inject_msg: herdr pane-gone check defers before any busy/composer/submit call
ok - inject_msg: dispatches busy-guard/composer-guard/submit through the herdr backend and succeeds on a confirmed empty composer
ok - inject_msg: defers on a dead-shell/unreadable composer (unknown), never typing the escalation into a shell
ok - inject_msg: unrecognized composer states defer by default
FM_TEST_END 2026-08-19T15:00:32Z tests/fm-daemon.test.sh exit=0 duration_ms=37707 gate_skip=false
FM_TEST_BEGIN 2026-08-19T15:00:32Z tests/fm-guard-stale-banner.test.sh family=watcher-wake-lock expected_gate_skip=none
ok - fm-guard stale banner: first stale call prints the full actionable banner
ok - fm-guard stale banner: repeated same-episode calls print a concise reminder only
ok - fm-guard stale banner: Pi primaries route themselves to the extension model
ok - fm-guard stale banner: extension-owned hand-off with a live session is healthy
ok - fm-guard stale banner: extension-owned empty lock is genuinely unheld
ok - fm-guard stale banner: held unhealthy extension locks stay loud
ok - fm-guard stale banner: extension model without ownership evidence stays loud
ok - fm-guard stale banner: every extension-ownership signal is load-bearing
ok - fm-guard stale banner: extension model still alarms on a genuinely stale beacon
ok - fm-guard stale banner: queued-wake warning survives the extension hand-off tolerance
ok - fm-guard stale banner: persistent primaries ignore Pi extension evidence
ok - fm-guard stale banner: extension model stays silent for a live watcher
ok - fm-guard stale banner: persistent no-watcher banner names the true reason
ok - fm-guard stale banner: a no-watcher episode survives a beacon mtime change
ok - fm-guard stale banner: a fresh beacon without a live watcher remains unhealthy
ok - fm-guard stale banner: Relay polling without a live watcher remains unhealthy
ok - fm-guard stale banner: healthy recovery rearms the next stale episode
ok - fm-guard stale banner: concurrent same-episode calls claim exactly one full banner
ok - fm-guard stale banner: deduplication is isolated per FM_HOME
ok - fm-guard stale banner: queued-wake warning remains independent
ok - fm-guard stale banner: read-only before writable does not consume full banner
ok - fm-guard stale banner: read-only during episode observes without mutating marker
ok - fm-guard stale banner: healthy read-only does not clear marker
ok - fm-guard stale banner: read-only never mutates stale-banner state files
FM_TEST_END 2026-08-19T15:00:49Z tests/fm-guard-stale-banner.test.sh exit=0 duration_ms=17358 gate_skip=false
FM_TEST_BEGIN 2026-08-19T15:00:49Z tests/fm-inactive-reconcile.test.sh family=watcher-wake-lock expected_gate_skip=none
actionable: inactive terminal outcome awaiting captain presentation: child=child state=done pr=https://example.test/owner/repo/pull/1
ok - main direct terminal presentation has a durable receipt
ok - secondmate reports its own inactive terminal child
actionable: inactive terminal outcome needs parent report: child=child state=failed
ok - relative local parent homes fail closed
ok - invalid secondmate markers block routing and surface the obligation
ok - remote parent-replies mirror input is durable and idempotent
ok - reused task ids retain per-incarnation terminal receipts
ok - legacy metadata rewrites preserve terminal receipt identity
ok - relaunch cannot replace metadata during terminal snapshot
actionable: inactive terminal outcome awaiting captain presentation: child=child state=done pr=https://example.test/owner/repo/pull/1
ok - terminal reconciliation ignores heartbeat backoff state
actionable: inactive terminal outcome awaiting captain presentation: child=child state=done pr=https://example.test/owner/repo/pull/1
ok - scan marker replaces a symlink without overwriting its target
ok - nonterminal and captain-held workers remain outside inactive terminal reporting
ok - watcher hook wakes for terminal loss and preserves idle secondmate exemption
actionable: inactive terminal outcome awaiting captain presentation: child=b state=done pr=https://example.test/owner/repo/pull/1
ok - stalled state reads are bounded without starving later children
ok - aggregate scan budget includes durable wake operations
actionable: inactive terminal outcome needs parent report: child=child state=failed
ok - notice recovery remains idempotent across queue acknowledgement
actionable: inactive terminal outcome awaiting captain presentation: child=child state=done pr=https://example.test/owner/repo/pull/1
ok - reconciliation makes zero forge or PR API calls
all inactive reconciliation tests passed
FM_TEST_END 2026-08-19T15:01:56Z tests/fm-inactive-reconcile.test.sh exit=0 duration_ms=67112 gate_skip=false
FM_TEST_BEGIN 2026-08-19T15:01:56Z tests/fm-pi-watch-extension.test.sh family=watcher-wake-lock expected_gate_skip=none
ok - Pi extension reports external healthy watcher output
ok - Pi custom tool exposes repair-only metadata and returns automatic-continuation guidance
ok - Pi redundant tool call returns ownership guidance and spawns no second child
ok - Pi scheduled retry remains extension-owned after another tool call
ok - Pi actionable close starts one successor before wake delivery settles
ok - Pi hung successor falls back to one typed actionable wake
ok - Pi unretired successor falls back without an overlapping retry
ok - Pi late unretired closes resume classified supervision
ok - Pi clean empty close triggers a bounded continuity retry
ok - Pi established clean closes stop at the configured retry limit
ok - Pi close handler verifies session-lock ownership before successor launch
ok - Pi watcher arm distinguishes all session lock ownership states
not ok - Pi session transitions must rearm through an explicit generation owner: expected exit 0, got 1
FM_TEST_END 2026-08-19T15:02:10Z tests/fm-pi-watch-extension.test.sh exit=1 duration_ms=14212 gate_skip=false
FM_TEST_BEGIN 2026-08-19T15:02:11Z tests/fm-session-lock-ancestry.test.sh family=watcher-wake-lock expected_gate_skip=none
ok - session-lock: Pi ancestry owns its exact lock
ok - session-lock: nested Pi ancestry preserves the exact inner owner
ok - session-lock: ancestry never crosses a non-harness gap
ok - session-lock: a live competing pi session is live but never self
FM_TEST_END 2026-08-19T15:02:12Z tests/fm-session-lock-ancestry.test.sh exit=0 duration_ms=1702 gate_skip=false
FM_TEST_BEGIN 2026-08-19T15:02:12Z tests/fm-supervision-events.test.sh family=watcher-wake-lock expected_gate_skip=none
ok - handle_push_transition: a blocked crew enqueues a stale wake naming its window and wakes the supervisor
ok - handle_push_transition: enqueue failure cannot commit the Herdr dedupe marker
ok - handle_push_transition: a declared-pause crew is absorbed (no fast wake), left to the poll loop's long cadence
ok - event_wait_or_sleep: herdr windows go on the event pane list, but kind=secondmate endpoints are excluded
ok - event_wait_or_sleep: one cached capability probe owns validation across bounded waits
ok - event_wait_or_sleep: a home with no push-capable window is inert (sleeps POLL, never touches the event path)
ok - event_wait_or_sleep: consecutive event-path failures disable the fast-path and revert to pure polling (fail-closed)
# fm-supervision-events.test.sh: all assertions passed
FM_TEST_END 2026-08-19T15:02:13Z tests/fm-supervision-events.test.sh exit=0 duration_ms=1095 gate_skip=false
FM_TEST_BEGIN 2026-08-19T15:02:13Z tests/fm-turnend-guard.test.sh family=watcher-wake-lock expected_gate_skip=none
ok - fm_supervision_unhealthy: false with no state/*.meta at all
ok - fm_supervision_unhealthy: true with in-flight task and no beacon ever
ok - fm_supervision_unhealthy: true with in-flight task and a beacon far outside the grace window
ok - fm_supervision_unhealthy: false with in-flight task and a fresh beacon
ok - fm_supervision_status: FM_SUP_QUEUE_PENDING tracks state/.wake-queue
ok - fm_supervision_needed: Relay poll needs supervision
ok - fm_supervision_unhealthy: source-only home needs supervision
ok - fm-turnend-guard: silent no-op with nothing in flight
ok - fm-turnend-guard: blocks when a fresh beacon has no live watcher lock
ok - fm-turnend-guard: blocks on a dead watcher lock even when the beacon is fresh
ok - fm-turnend-guard: silent no-op with a live watcher lock and fresh beacon
ok - fm-turnend-guard: blocks on a live watcher lock with an ancient beacon
ok - fm-turnend-guard: blocks with the exact required reason in the primary when unhealthy
ok - fm-turnend-guard: blocks from active FM_HOME state, not only repo-root state
ok - fm-turnend-guard: Relay repair reason sources the cadence config
ok - fm-turnend-guard: Relay-only supervision remains guarded in default mode
ok - fm-turnend-guard: ignores stale repo-root state when FM_HOME is set
ok - fm-turnend-guard: uses FM_STATE_OVERRIDE ahead of FM_HOME/state
ok - fm-turnend-guard: blocks a blind turn end in a secondmate's own home (.fm-secondmate-home no longer excludes it)
ok - fm-turnend-guard: idle-by-default - silent in a secondmate home with nothing in flight
ok - fm-turnend-guard: inert in a secondmate's own child worktree (linked git worktree) even when unhealthy
ok - fm-turnend-guard: blocks a blind turn end in a treehouse-leased LINKED secondmate home (marker force-include)
ok - fm-turnend-guard: an invalid (empty) marker cannot spoof inclusion; linked worktree stays exempt
ok - fm-turnend-guard: a non-ASCII marker cannot spoof inclusion; linked worktree stays exempt
ok - fm-turnend-guard: inert in a crewmate/scout task worktree (linked git worktree) even when unhealthy
ok - fm-turnend-guard: runs well under the generous timing margin (1s)
ok - .pi primary extension: no-tool and multi-tool runs each inject exactly one guard follow-up
ok - .pi primary extension: delivery failure resets the logical-run latch
FM_TEST_END 2026-08-19T15:02:28Z tests/fm-turnend-guard.test.sh exit=0 duration_ms=14197 gate_skip=false
FM_TEST_BEGIN 2026-08-19T15:02:28Z tests/fm-wake-daemon-lifecycle-e2e.test.sh family=watcher-wake-lock expected_gate_skip=none
ok - lifecycle: routine self-handles, terminal survives a watcher restart, buffers once, no dup, injects once
ok - lifecycle: stale pane transient self-handles, persistent escalates once and clears, resumed clears quietly
FM_TEST_END 2026-08-19T15:02:40Z tests/fm-wake-daemon-lifecycle-e2e.test.sh exit=0 duration_ms=12004 gate_skip=false
FM_TEST_BEGIN 2026-08-19T15:02:40Z tests/fm-wake-drain-unread-status.test.sh family=watcher-wake-lock expected_gate_skip=none
ok - a note: answer buried under a later routine note: is surfaced with both lines
ok - already-presented note: lines are not re-surfaced on the next drain
ok - a brand-new note: after presentation is surfaced without replaying handled lines
ok - a queued status signal annotates every unread note, not only the newest
WAKE_ACK_REQUIRED: after handling completes run bin/fm-wake-drain.sh --ack-through 1 --recovery-generation 93207.1787151772.iRcEgP
WAKE_ACK_REQUIRED: after handling completes run bin/fm-wake-drain.sh --ack-through 1 --recovery-generation 93207.1787151772.iRcEgP
WAKE_ACK_REQUIRED: after handling completes run bin/fm-wake-drain.sh --ack-through 1 --recovery-generation 93207.1787151772.iRcEgP
ok - a pending-reply resolution buried under a later note surfaces once and closes OPEN DECISIONS
ok - unread status over the former byte cap preserves every line
ok - presentation cursor advances only through its captured endpoint
ok - a reused task id starts its replacement status log unread at byte zero
ok - OPEN DECISIONS still folds needs-decision/blocked independently of unread notes
WAKE_ACK_REQUIRED: after handling completes run bin/fm-wake-drain.sh --ack-through 1 --recovery-generation 6980.1787151785.NDZvd4
ok - an empty-queue drain preserves routine status for a later signal annotation
ok - routine working/done lines still print nothing on an empty-queue drain
FM_TEST_END 2026-08-19T15:03:09Z tests/fm-wake-drain-unread-status.test.sh exit=0 duration_ms=28733 gate_skip=false
FM_TEST_BEGIN 2026-08-19T15:03:09Z tests/fm-wake-queue.test.sh family=watcher-wake-lock expected_gate_skip=none
ok - portable lock owner publication and release ignore an unusable TMPDIR
ok - lock ownership without BASHPID isolates self, parent, siblings, nested shells, and background jobs
ok - self-announced appends suppress only their own bytes and fail toward waking
ok - historical annotations replay nothing already announced and keep everything new
WAKE_ACK_REQUIRED: after handling completes run bin/fm-wake-drain.sh --ack-through 27 --recovery-generation 16826.1787151797.VHvdSa
ok - concurrent append plus drain preserves durable records through acknowledgement
ok - signal written while no watcher runs is caught on next run
WAKE_ACK_REQUIRED: after handling completes run bin/fm-wake-drain.sh --ack-through 1 --recovery-generation 97564.1787151859.vJHRwL
●━━━━━━━━━━━━━━━━━━━━━━━━━━━━━━━━━━━━━━━━━━━━━━━━━━━━━━━━━━━━━━━━━━━━━━━
●  WATCHER DOWN - SUPERVISION IS OFF
●  1 task(s) in flight, but no live watcher process holds this home lock (last beat: 4s ago).
●  Trust the emitted supervision protocol for this harness; do not use shell & for watcher repair.
●  This is a supervision warning only; the guarded operation WILL still run.
●  After draining queued wakes, repair missing watcher supervision according to the session-start block for this harness; do not use shell &.
●━━━━━━━━━━━━━━━━━━━━━━━━━━━━━━━━━━━━━━━━━━━━━━━━━━━━━━━━━━━━━━━━━━━━━━━
WARNING: queued wakes pending - drain them with bin/fm-wake-drain.sh before anything else.
ok - stale wake is queued before suppressor state is advanced
WAKE_ACK_REQUIRED: after handling completes run bin/fm-wake-drain.sh --ack-through 1 --recovery-generation 3423.1787151863.AmHS2k
●━━━━━━━━━━━━━━━━━━━━━━━━━━━━━━━━━━━━━━━━━━━━━━━━━━━━━━━━━━━━━━━━━━━━━━━
●  WATCHER DOWN - SUPERVISION IS OFF
●  1 task(s) in flight, but no live watcher process holds this home lock (last beat: 3s ago).
●  Trust the emitted supervision protocol for this harness; do not use shell & for watcher repair.
●  This is a supervision warning only; the guarded operation WILL still run.
●  After draining queued wakes, repair missing watcher supervision according to the session-start block for this harness; do not use shell &.
●━━━━━━━━━━━━━━━━━━━━━━━━━━━━━━━━━━━━━━━━━━━━━━━━━━━━━━━━━━━━━━━━━━━━━━━
WARNING: queued wakes pending - drain them with bin/fm-wake-drain.sh before anything else.
ok - a not-provably-working stale wake is queued before its suppressor is advanced
WAKE_ACK_REQUIRED: after handling completes run bin/fm-wake-drain.sh --ack-through 1 --recovery-generation 7666.1787151867.0pQX1p
ok - registered custom check output is queued before cadence suppression
ok - concurrent drains replay until one post-handling acknowledgement consumes records
WAKE_ACK_REQUIRED: after handling completes run bin/fm-wake-drain.sh --ack-through 4 --recovery-generation 13601.1787151871.ziXGz7
ok - drain collapses obvious duplicate heartbeat and signal records
ok - drain asserts watcher liveness: warns on a lapse, stays silent for a live watcher with a fresh beacon
WAKE_ACK_REQUIRED: after handling completes run bin/fm-wake-drain.sh --ack-through 8 --recovery-generation 16950.1787151875.NqGzqw
ok - structural signal enrichment is separate, deduped, home-local, and tier-zero for other wakes
WAKE_ACK_REQUIRED: after handling completes run bin/fm-wake-drain.sh --ack-through 13 --recovery-generation 22646.1787151880.42hv9k
ok - every readable unread status line is annotated in full while invalid status files preserve their raw wakes
WAKE_ACK_REQUIRED: after handling completes run bin/fm-wake-drain.sh --ack-through 1 --recovery-generation 28337.1787151885.0Y43Eg
WAKE_ACK_REQUIRED: after handling completes run bin/fm-wake-drain.sh --ack-through 2 --recovery-generation 28337.1787151885.0Y43Eg
ok - slow annotation releases the append lock and a deleted status file fails open
WAKE_ACK_REQUIRED: after handling completes run bin/fm-wake-drain.sh --ack-through 1 --recovery-generation existing
ok - wake append publishes atomic recovery evidence before durable rows
ok - wake drain: generation-less legacy wakes are adopted and acknowledged
ok - wake drain: a stale acknowledgement cannot retire or consume a newer recovery episode
ok - wake drain: recovery acknowledgement failures are explicit and retryable
ok - interruptions preserve durable rows until post-handling acknowledgement
FM_TEST_END 2026-08-19T15:05:14Z tests/fm-wake-queue.test.sh exit=0 duration_ms=124927 gate_skip=false
FM_TEST_BEGIN 2026-08-19T15:05:14Z tests/fm-watch-arm.test.sh family=watcher-wake-lock expected_gate_skip=none
ok - watch-arm: an attached arm reports the wake its cycle delivered instead of a false failure
ok - watch-arm: a delivered wake consumed by the handling turn still closes the attached arm cleanly
ok - watch-arm: a cycle that delivered no wake of its own still fails loudly
/Users/control/.no-mistakes/worktrees/874f0de57f61/01M0D77ZPQ8KA1S10W1YSMVJPS/bin/fm-watch-arm.sh: line 565: 74977 Killed: 9               "$WATCH" > "$child_out"
WAKE_ACK_REQUIRED: after handling completes run bin/fm-wake-drain.sh --ack-through 2 --recovery-generation 76666.1787151947.x9QyDV
ok - watch-arm: re-arm surfaces every queued wake and an open remote decision after downtime
watcher: recovery state could not be persisted; retaining stale lock evidence
ok - watch-arm: marker publication failure retains stale-lock recovery evidence
WAKE_ACK_REQUIRED: after handling completes run bin/fm-wake-drain.sh --ack-through 2 --recovery-generation 99717.1787151973.wbzOoq
WAKE_ACK_REQUIRED: after handling completes run bin/fm-wake-drain.sh --ack-through 3 --recovery-generation 5418.1787151977.lasDer
ok - watch-arm: a wake queued after handling drain is recovered once at successor arm
ok - watch-arm: interrupted handling leaves its wake durable for successor re-drain
WAKE_ACK_REQUIRED: after handling completes run bin/fm-wake-drain.sh --ack-through 0 --recovery-generation 26372.1787152001.68o8qK
ok - watch-arm: malformed recovery state is quarantined without a successor loop
WAKE_ACK_REQUIRED: after handling completes run bin/fm-wake-drain.sh --ack-through 1 --recovery-generation 31557.1787152006.FstNYO
ok - watch-arm: publication after recovery handoff is surfaced
ok - watch-arm: restart publishes recovery before clearing a reused-pid watcher lock
WAKE_ACK_REQUIRED: after handling completes run bin/fm-wake-drain.sh --ack-through 7 --recovery-generation 40385.1787152015.8Z6TWW
ok - watch-arm: markerless legacy queues are adopted and recovered
ok - watch-arm: a watcher close during handling keeps the printed acknowledgement valid
ok - watch-arm: a moved recovery generation consumes handled rows and names its remedy
ok - watch-arm: downtime marker publication does not follow symlinks
FM_TEST_END 2026-08-19T15:07:23Z tests/fm-watch-arm.test.sh exit=0 duration_ms=129811 gate_skip=false
FM_TEST_BEGIN 2026-08-19T15:07:23Z tests/fm-watch-triage.test.sh family=watcher-wake-lock expected_gate_skip=none
ok - signal_reason_is_actionable: benign absorbed, captain verbs and coalesced batches surfaced
ok - stale_is_terminal: terminal status surfaces, non-terminal and no-status are benign
ok - scan_captain_relevant_statuses lists only captain-relevant statuses
ok - classifier primitives: keyed decisions and activity phases, captain relevance, window-to-task, and overrides
ok - crew_is_provably_working: only working+run-step/pane is provable; idle/finished/parked/failed/unknown surface
ok - status_is_paused: only the leading paused verb matches, and paused is not captain-relevant
ok - crew_absorb_class: working/paused/none from one read; crew_is_paused and crew_is_provably_working agree
ok - signal_crew_provably_working: benign only when every referenced crew is provably working
ok - a secondmate's status signal is never absorbed as provably working; crewmates are unaffected
ok - a no-verb signal whose crew is provably working is absorbed (no exit, no queue, suppressor advanced, beacon present)
ok - a bare turn-end whose crew is provably working (busy pane) is absorbed
ok - a bare turn-end whose crew is not provably working is surfaced (the swallowed-finish fix)
ok - a no-verb working: note whose crew is idle with no running pipeline is surfaced
ok - a secondmate's status note surfaces even while its own agent is busy
ok - a self-announced close never wakes its own home, and the next real note still does
ok - captain-relevant signal is surfaced (queue + exit) and marked surfaced
ok - a stale pane sitting on a terminal status is surfaced (queue + exit)
ok - a stale terminal-looking status is overridden and absorbed while a run is actively working, then wedge-escalated
ok - provably-working non-terminal stale is absorbed on first sight, then wedge-escalated past the threshold
ok - consecutive wedge escalations on the same pane accumulate and demand deep inspection at the threshold
ok - a pane becoming active again resets the consecutive wedge-escalation counter
ok - a busy worker below the turn-age bound remains working with no escalation
ok - a busy worker with a stable pane hash still escalates once its completed-turn age reaches the bound
ok - a busy worker whose pane hash changes every poll still escalates once its completed-turn age reaches the bound
ok - touching a busy worker's completed-turn marker resets the age and prevents an old-age escalation
ok - repeated busy turn-age escalations reuse the existing escalation counter and demand deep inspection at the threshold
ok - the production default busy-turn-age bound is 3600s (5min under does not wedge, 66min over does)
ok - a not-provably-working non-terminal stale is surfaced immediately (never left to wait out the timer)
ok - a declared pause is absorbed on first sight, then re-surfaced as a recheck past the threshold, never wedge-escalated
ok - exited declared-pause and captain-held panes use bounded pause cadence while a live decision gate still surfaces once
ok - a declared paused secondmate re-surfaces on the bounded normal-mode cadence
ok - a non-paused secondmate retains normal stale suppression
ok - a resumed secondmate clears pause and stale tracking before stale exemption
ok - unchanged stale hashes reclassify when a crew enters or leaves pause
ok - a declared pause is periodically rechecked against authoritative active-run state
ok - a paused status overridden by authoritative working preserves its wedge timer and escalates
ok - matching non-terminal stale suppressors repair missing or corrupt stale-since timers
ok - triage log capping handles wc byte counts with leading spaces
ok - a captured process-event result wakes a healthy watcher proactively, with no manual drain
ok - an unacknowledged process-event result re-drains until handling is acknowledged
ok - complete process-event queue keys map to distinct seen markers
WAKE_ACK_REQUIRED: after handling completes run bin/fm-wake-drain.sh --ack-through 1 --recovery-generation 96649.1787152300.tbuANe
ok - queue revalidation, proactive output, and marker commit serialize with drain
/Users/control/.no-mistakes/worktrees/874f0de57f61/01M0D77ZPQ8KA1S10W1YSMVJPS/bin/fm-push-transition-lib.sh: line 96: echo: write error: Broken pipe
tests/wake-helpers.sh: line 277:  5987 Killed: 9               PATH="$dir/fakebin:$PATH" FM_HOME="$dir" FM_PROCEVENT_CLAIM_ROOT="$dir/claims" FM_CREW_STATE_BIN="$dir/fakebin/fm-crew-state.sh" FM_POLL=0.2 FM_SIGNAL_GRACE=1 FM_CHECK_INTERVAL=999999 FM_HEARTBEAT=999999 "$WATCH" > "$out"
tests/wake-helpers.sh: line 277:  8830 Killed: 9               PATH="$dir/fakebin:$PATH" FM_HOME="$dir" FM_PROCEVENT_CLAIM_ROOT="$dir/claims" FM_CREW_STATE_BIN="$dir/fakebin/fm-crew-state.sh" FM_POLL=0.2 FM_SIGNAL_GRACE=1 FM_CHECK_INTERVAL=999999 FM_HEARTBEAT=999999 "$WATCH" > "$out"
ok - surfacing failures replay until post-handling acknowledgement
ok - marker failure exits through the shared wake owner, releases its lock, and replays later
ok - a heartbeat with no captain-relevant change is absorbed and backs off the cadence
ok - heartbeat backstop fail-safe surfaces a captain-relevant status the per-wake path missed
ok - the liveness beacon stays fresh while the watcher absorbs benign wakes (fm-guard never false-alarms)
ok - with .afk present the watcher reverts to one-shot so the daemon owns triage (no double-triage)
ok - AFK changed paused panes hand off plain stale identities for daemon-owned pause triage
FM_TEST_END 2026-08-19T15:12:25Z tests/fm-watch-triage.test.sh exit=0 duration_ms=301260 gate_skip=false
FM_TEST_BEGIN 2026-08-19T15:12:25Z tests/fm-watcher-lock.test.sh family=watcher-wake-lock expected_gate_skip=none
ok - simultaneous watcher starts leave exactly one live process
ok - fm_pid_identity real ps fallback is locale-invariant
ok - fm_pid_identity is locale-invariant across LC_ALL/LC_TIME
ok - /proc process identity ignores simulated btime changes
ok - /proc process identity detects pid reuse
ok - MSYS /proc process identity regression skipped on non-Windows host
ok - killed watcher stale lock is reclaimed
tests/fm-watcher-lock.test.sh: line 1038: 44825 Killed: 9               FM_STATE_OVERRIDE="$state" bash -c '
    . "$1"
    fm_lock_remove_path() {
      if [ "$1" = "$STATE/.watch.lock" ]; then
        kill -KILL "${BASHPID:-$$}"
      fi
      return 1
    }
    fm_lock_try_acquire "$2"
  ' _ "$LIB" "$lockdir" > /dev/null 2>&1
ok - stale watcher reclaim publishes durable recovery evidence before clear
ok - live watcher lock with stale heartbeat is actionable
ok - guard banner leads when down with pending wakes (repair-after-drain) and stays silent when live and fresh
ok - concurrent fm_lock_try_acquire yields exactly one winner
ok - dead-pid stale lock is reclaimed by a single acquirer
ok - concurrent stale-lock steal yields exactly one winner
ok - live steal mutex is not reclaimed
ok - live-held lock is not stolen
ok - empty mid-acquire lock keeps a minimum grace
ok - late original claimant cannot claim a recreated lock
ok - paused mid-acquire claimant backs off to active stealer
ok - watch restart preserves recovery without signaling a reused pid
ok - watch restart attaches to a verified healthy peer and later surfaces a successor gap
ok - watcher self-evicts when the lock pid no longer names it
ok - arm turns clean self-eviction without a successor into a typed failure
ok - arm attaches to a live fresh watcher and fails loudly when that cycle has no successor
ok - attached arm signals record a classified lifecycle entry
ok - arm starts cleanly and resurfaces recovery after a dead-pid lock
ok - arm cleans child watcher and temp output on HUP
WAKE_ACK_REQUIRED: after handling completes run bin/fm-wake-drain.sh --ack-through 1 --recovery-generation 86423.1787152393.VI4Smb
ok - arm propagates an immediate watcher wake before confirmation
ok - arm attaches to a peer watcher after child stands down and surfaces a missing successor
watcher: lock held by live pid 91149 but heartbeat is stale for 840471197s (>300s); inspect or stop that watcher before re-arming.
ok - arm reports FAILED and exits non-zero when no fresh watcher can be confirmed
ok - cycle-exit ledger links a verified successor and remains size-capped
ok - SIGSTOP distinguishes live PID from stale beacon and termination records the exit class
FM_TEST_END 2026-08-19T15:13:40Z tests/fm-watcher-lock.test.sh exit=0 duration_ms=75291 gate_skip=false
FM_TEST_SUMMARY total=13 failed=1 skipped_gate=0 duration_ms=826369
FM_TEST_SUMMARY_FAMILY family=watcher-wake-lock count=13 duration_ms=825409 failed=1
FM_TEST_SLOWEST rank=1 script=tests/fm-watch-triage.test.sh duration_ms=301260
FM_TEST_SLOWEST rank=2 script=tests/fm-watch-arm.test.sh duration_ms=129811
FM_TEST_SLOWEST rank=3 script=tests/fm-wake-queue.test.sh duration_ms=124927
FM_TEST_SLOWEST rank=4 script=tests/fm-watcher-lock.test.sh duration_ms=75291
FM_TEST_SLOWEST rank=5 script=tests/fm-inactive-reconcile.test.sh duration_ms=67112
FM_TEST_SLOWEST rank=6 script=tests/fm-daemon.test.sh duration_ms=37707
FM_TEST_SLOWEST rank=7 script=tests/fm-wake-drain-unread-status.test.sh duration_ms=28733
FM_TEST_SLOWEST rank=8 script=tests/fm-guard-stale-banner.test.sh duration_ms=17358
FM_TEST_SLOWEST rank=9 script=tests/fm-pi-watch-extension.test.sh duration_ms=14212
FM_TEST_SLOWEST rank=10 script=tests/fm-turnend-guard.test.sh duration_ms=14197
FM_TEST_SLOWEST rank=11 script=tests/fm-wake-daemon-lifecycle-e2e.test.sh duration_ms=12004
FM_TEST_SLOWEST rank=12 script=tests/fm-session-lock-ancestry.test.sh duration_ms=1702
FM_TEST_SLOWEST rank=13 script=tests/fm-supervision-events.test.sh duration_ms=1095
fm-test-run: wrote timing artifact: /Users/control/.no-mistakes/evidence/01M0D77ZPQ8KA1S10W1YSMVJPS/watcher-wake-lock-timings.json
