FM_TEST_BEGIN 2026-09-03T21:12:32Z tests/fm-backend-herdr-presentation-e2e.test.sh family=real-herdr-gated expected_gate_skip=herdr
ok - real Herdr lab: an opted-out spawn retains the Stage 1 Herdr command sequence with zero ordering calls
ok - real Herdr lab: a home that configured nothing is projected by default on herdr 0.8.2
ok - real Herdr lab: every projected create, task-tab create, seeded prune, and move preserves active workspace and tab
warning: herdr presentation cleanup could not verify the exact pane; refusing focus-unsafe pane close
ok - real Herdr lab: active seeded-tab pruning refuses the exact pane and preserves exact focus
ok - real Herdr lab: bounded lock contention warns and falls back flat without projection or focus drift
ok - real Herdr lab: concurrent primary workers form one stable contiguous block without active workspace/tab drift
ok - real Herdr lab: forced workspace.move failure leaves a successful worker in default order with a warning and no cleanup
ok - real Herdr lab: concurrent post-create abort cleanup stays serialized with exact focus restoration
ok - real Herdr lab: Treehouse commands and metadata shape are byte-identical except for endpoint IDs and spawn incarnation
ok - real Herdr lab: exact task-pane close removes the projected workspace with no unrestored wrong-focus interval
ok - real Herdr lab: concurrent projected cleanup is serialized and leaves active workspace/tab unchanged
ok - real Herdr lab: three repeated concurrent create/order/cleanup waves have zero active workspace or tab drift
ok - real Herdr lab: the primary presentation setting inherits into real secondmate homes
ok - real Herdr lab: primary and two secondmate homes each own a top-level contiguous child block
ok - real Herdr lab: concurrent primary/A/B spawns preserve parent order and exact focus
ok - real Herdr lab: session lock contention from a secondmate home falls back flat with no journal
ok - real Herdr lab: Hi Bit and Wheelhouse-style same-identity restarts reclaim one nested space with exact focus and idempotence
ok - real Herdr lab: secondmate restart binding and reclaim stay isolated to the exact child home and parent
evidence: refused first attempt for resume-wave-bravo: warning: /private/var/folders/w7/jl8fwyn12ngg2h2sg073hrn80000gn/T/fm-herdr-presentation.zX9i11/home-2ndmate-bravo/data/resume-wave-bravo/launch-brief.md records no delivery contract line (scaffolded before ship briefs recorded one); launching on the explicit --mode no-mistakes - confirm its definition of done matches
error: herdr presentation recovery could not acquire its session lock; refusing a concurrent resume
evidence: retry bindings primary=wX/wX:t3/wX:p3 bravo=wY/wY:t3/wY:p3; recovery tab creates=2
ok - real Herdr lab: concurrent cross-home recovery accepts one bounded refusal, retries once after lock release, and preserves exact identity and focus
ok - real Herdr lab: legacy projection labels and flat secondmate tabs are left unmigrated
ok - real Herdr lab: multi-home exact-pane teardowns restore captain focus without workspace close authority
warning: no exact herdr presentation token match for missing1; leaving any stale space untouched and spawning flat
warning: no exact herdr presentation token match for renamed1; leaving any stale space untouched and spawning flat
warning: 2 exact herdr presentation token matches for duplicate1 are quarantined; inspecting only for duplicate-agent risk
warning: quarantined herdr presentation for duplicate1 is dead or agent-free; exact bound reclaim may proceed, otherwise spawning flat
warning: 2 exact herdr presentation token matches for duplicate1 are quarantined; inspecting only for duplicate-agent risk
error: quarantined herdr presentation for duplicate1 has a live pane; refusing duplicate launch
ok - real Herdr lab: missing, renamed, and duplicate tokens trigger zero destructive or adoptive calls, and live duplicate risk refuses launch
ok - real Herdr lab validation completed on Herdr 0.8.2 with the default-session tripwire intact
FM_TEST_END 2026-09-03T21:21:29Z tests/fm-backend-herdr-presentation-e2e.test.sh exit=0 duration_ms=536719 gate_skip=false
FM_TEST_SUMMARY total=1 failed=0 skipped_gate=0 duration_ms=536822
FM_TEST_SUMMARY_FAMILY family=real-herdr-gated count=1 duration_ms=536719 failed=0
FM_TEST_SLOWEST rank=1 script=tests/fm-backend-herdr-presentation-e2e.test.sh duration_ms=536719
